QA output created by 085
using backend plain store
9c7766570b3be3aff2724f587c2f4107  -
a6c5d562057d0b8e7c90df17e5ea9450  -
Cluster status: running, auto-recovery enabled

Cluster created at DATE

Epoch Time           Version
DATE      1 [127.0.0.1:7000, 127.0.0.1:7001, 127.0.0.1:7002, 127.0.0.1:7003, 127.0.0.1:7004, 127.0.0.1:7005]
